// Vitest Snapshot v1

exports[`renders as expected 1`] = `"<h1>Home Page</h1>"`;
